Archive member included to satisfy reference by file (symbol)

c:/st/stm32cubeide_1.12.1/stm32cubeide/plugins/com.st.stm32cube.ide.mcu.externaltools.gnu-tools-for-stm32.10.3-2021.10.win32_1.0.200.202301161003/tools/bin/../lib/gcc/arm-none-eabi/10.3.1/../../../../arm-none-eabi/lib/thumb/v7-m/nofp\libc_nano.a(lib_a-errno.o)
                              ./Core/Src/syscalls.o (__errno)
c:/st/stm32cubeide_1.12.1/stm32cubeide/plugins/com.st.stm32cube.ide.mcu.externaltools.gnu-tools-for-stm32.10.3-2021.10.win32_1.0.200.202301161003/tools/bin/../lib/gcc/arm-none-eabi/10.3.1/../../../../arm-none-eabi/lib/thumb/v7-m/nofp\libc_nano.a(lib_a-exit.o)
                              c:/st/stm32cubeide_1.12.1/stm32cubeide/plugins/com.st.stm32cube.ide.mcu.externaltools.gnu-tools-for-stm32.10.3-2021.10.win32_1.0.200.202301161003/tools/bin/../lib/gcc/arm-none-eabi/10.3.1/../../../../arm-none-eabi/lib/thumb/v7-m/nofp/crt0.o (exit)
c:/st/stm32cubeide_1.12.1/stm32cubeide/plugins/com.st.stm32cube.ide.mcu.externaltools.gnu-tools-for-stm32.10.3-2021.10.win32_1.0.200.202301161003/tools/bin/../lib/gcc/arm-none-eabi/10.3.1/../../../../arm-none-eabi/lib/thumb/v7-m/nofp\libc_nano.a(lib_a-impure.o)
                              c:/st/stm32cubeide_1.12.1/stm32cubeide/plugins/com.st.stm32cube.ide.mcu.externaltools.gnu-tools-for-stm32.10.3-2021.10.win32_1.0.200.202301161003/tools/bin/../lib/gcc/arm-none-eabi/10.3.1/../../../../arm-none-eabi/lib/thumb/v7-m/nofp\libc_nano.a(lib_a-exit.o) (_global_impure_ptr)
c:/st/stm32cubeide_1.12.1/stm32cubeide/plugins/com.st.stm32cube.ide.mcu.externaltools.gnu-tools-for-stm32.10.3-2021.10.win32_1.0.200.202301161003/tools/bin/../lib/gcc/arm-none-eabi/10.3.1/../../../../arm-none-eabi/lib/thumb/v7-m/nofp\libc_nano.a(lib_a-init.o)
                              c:/st/stm32cubeide_1.12.1/stm32cubeide/plugins/com.st.stm32cube.ide.mcu.externaltools.gnu-tools-for-stm32.10.3-2021.10.win32_1.0.200.202301161003/tools/bin/../lib/gcc/arm-none-eabi/10.3.1/../../../../arm-none-eabi/lib/thumb/v7-m/nofp/crt0.o (__libc_init_array)
c:/st/stm32cubeide_1.12.1/stm32cubeide/plugins/com.st.stm32cube.ide.mcu.externaltools.gnu-tools-for-stm32.10.3-2021.10.win32_1.0.200.202301161003/tools/bin/../lib/gcc/arm-none-eabi/10.3.1/../../../../arm-none-eabi/lib/thumb/v7-m/nofp\libc_nano.a(lib_a-memset.o)
                              c:/st/stm32cubeide_1.12.1/stm32cubeide/plugins/com.st.stm32cube.ide.mcu.externaltools.gnu-tools-for-stm32.10.3-2021.10.win32_1.0.200.202301161003/tools/bin/../lib/gcc/arm-none-eabi/10.3.1/../../../../arm-none-eabi/lib/thumb/v7-m/nofp/crt0.o (memset)
c:/st/stm32cubeide_1.12.1/stm32cubeide/plugins/com.st.stm32cube.ide.mcu.externaltools.gnu-tools-for-stm32.10.3-2021.10.win32_1.0.200.202301161003/tools/bin/../lib/gcc/arm-none-eabi/10.3.1/../../../../arm-none-eabi/lib/thumb/v7-m/nofp\libm.a(lib_a-sf_floor.o)
                              ./Core/Src/ARGB.o (floorf)
c:/st/stm32cubeide_1.12.1/stm32cubeide/plugins/com.st.stm32cube.ide.mcu.externaltools.gnu-tools-for-stm32.10.3-2021.10.win32_1.0.200.202301161003/tools/bin/../lib/gcc/arm-none-eabi/10.3.1/thumb/v7-m/nofp\libgcc.a(_arm_muldf3.o)
                              ./Core/Src/ARGB.o (__aeabi_dmul)
c:/st/stm32cubeide_1.12.1/stm32cubeide/plugins/com.st.stm32cube.ide.mcu.externaltools.gnu-tools-for-stm32.10.3-2021.10.win32_1.0.200.202301161003/tools/bin/../lib/gcc/arm-none-eabi/10.3.1/thumb/v7-m/nofp\libgcc.a(_arm_mulsf3.o)
                              ./Core/Src/ARGB.o (__aeabi_fmul)
c:/st/stm32cubeide_1.12.1/stm32cubeide/plugins/com.st.stm32cube.ide.mcu.externaltools.gnu-tools-for-stm32.10.3-2021.10.win32_1.0.200.202301161003/tools/bin/../lib/gcc/arm-none-eabi/10.3.1/thumb/v7-m/nofp\libgcc.a(_arm_addsubdf3.o)
                              ./Core/Src/ARGB.o (__aeabi_ui2d)
c:/st/stm32cubeide_1.12.1/stm32cubeide/plugins/com.st.stm32cube.ide.mcu.externaltools.gnu-tools-for-stm32.10.3-2021.10.win32_1.0.200.202301161003/tools/bin/../lib/gcc/arm-none-eabi/10.3.1/thumb/v7-m/nofp\libgcc.a(_arm_fixunsdfsi.o)
                              ./Core/Src/ARGB.o (__aeabi_d2uiz)
c:/st/stm32cubeide_1.12.1/stm32cubeide/plugins/com.st.stm32cube.ide.mcu.externaltools.gnu-tools-for-stm32.10.3-2021.10.win32_1.0.200.202301161003/tools/bin/../lib/gcc/arm-none-eabi/10.3.1/thumb/v7-m/nofp\libgcc.a(_arm_addsubsf3.o)
                              ./Core/Src/ARGB.o (__aeabi_fsub)
c:/st/stm32cubeide_1.12.1/stm32cubeide/plugins/com.st.stm32cube.ide.mcu.externaltools.gnu-tools-for-stm32.10.3-2021.10.win32_1.0.200.202301161003/tools/bin/../lib/gcc/arm-none-eabi/10.3.1/thumb/v7-m/nofp\libgcc.a(_arm_muldivsf3.o)
                              ./Core/Src/ARGB.o (__aeabi_fdiv)
c:/st/stm32cubeide_1.12.1/stm32cubeide/plugins/com.st.stm32cube.ide.mcu.externaltools.gnu-tools-for-stm32.10.3-2021.10.win32_1.0.200.202301161003/tools/bin/../lib/gcc/arm-none-eabi/10.3.1/thumb/v7-m/nofp\libgcc.a(_arm_cmpsf2.o)
[...]
Memory Configuration

Name             Origin             Length             Attributes
RAM              0x0000000020000000 0x0000000000002800 xrw
FLASH            0x0000000008000000 0x0000000000008000 xr
*default*        0x0000000000000000 0xffffffffffffffff

Linker script and memory map

LOAD c:/st/stm32cubeide_1.12.1/stm32cubeide/plugins/com.st.stm32cube.ide.mcu.externaltools.gnu-tools-for-stm32.10.3-2021.10.win32_1.0.200.202301161003/tools/bin/../lib/gcc/arm-none-eabi/10.3.1/thumb/v7-m/nofp/crti.o
LOAD c:/st/stm32cubeide_1.12.1/stm32cubeide/plugins/com.st.stm32cube.ide.mcu.externaltools.gnu-tools-for-stm32.10.3-2021.10.win32_1.0.200.202301161003/tools/bin/../lib/gcc/arm-none-eabi/10.3.1/thumb/v7-m/nofp/crtbegin.o
LOAD c:/st/stm32cubeide_1.12.1/stm32cubeide/plugins/com.st.stm32cube.ide.mcu.externaltools.gnu-tools-for-stm32.10.3-2021.10.win32_1.0.200.202301161003/tools/bin/../lib/gcc/arm-none-eabi/10.3.1/../../../../arm-none-eabi/lib/thumb/v7-m/nofp/crt0.o
LOAD ./Core/Src/ARGB.o
LOAD ./Core/Src/can.o
LOAD ./Core/Src/dma.o
LOAD ./Core/Src/gpio.o
LOAD ./Core/Src/main.o
LOAD ./Core/Src/stm32f1xx_hal_msp.o
LOAD ./Core/Src/stm32f1xx_it.o
LOAD ./Core/Src/syscalls.o
LOAD ./Core/Src/sysmem.o
LOAD ./Core/Src/system_stm32f1xx.o
LOAD ./Core/Src/tim.o
LOAD ./Core/Startup/startup_stm32f103c6tx.o
LOAD ./Drivers/STM32F1xx_HAL_Driver/Src/stm32f1xx_hal.o
LOAD ./Drivers/STM32F1xx_HAL_Driver/Src/stm32f1xx_hal_can.o
LOAD ./Drivers/STM32F1xx_HAL_Driver/Src/stm32f1xx_hal_cortex.o
LOAD ./Drivers/STM32F1xx_HAL_Driver/Src/stm32f1xx_hal_dma.o
LOAD ./Drivers/STM32F1xx_HAL_Driver/Src/stm32f1xx_hal_exti.o
LOAD ./Drivers/STM32F1xx_HAL_Driver/Src/stm32f1xx_hal_flash.o
LOAD ./Drivers/STM32F1xx_HAL_Driver/Src/stm32f1xx_hal_flash_ex.o
LOAD ./Drivers/STM32F1xx_HAL_Driver/Src/stm32f1xx_hal_gpio.o
LOAD ./Drivers/STM32F1xx_HAL_Driver/Src/stm32f1xx_hal_gpio_ex.o
LOAD ./Drivers/STM32F1xx_HAL_Driver/Src/stm32f1xx_hal_pwr.o
LOAD ./Drivers/STM32F1xx_HAL_Driver/Src/stm32f1xx_hal_rcc.o
LOAD ./Drivers/STM32F1xx_HAL_Driver/Src/stm32f1xx_hal_rcc_ex.o
LOAD ./Drivers/STM32F1xx_HAL_Driver/Src/stm32f1xx_hal_tim.o
LOAD ./Drivers/STM32F1xx_HAL_Driver/Src/stm32f1xx_hal_tim_ex.o
START GROUP
LOAD c:/st/stm32cubeide_1.12.1/stm32cubeide/plugins/com.st.stm32cube.ide.mcu.externaltools.gnu-tools-for-stm32.10.3-2021.10.win32_1.0.200.202301161003/tools/bin/../lib/gcc/arm-none-eabi/10.3.1/../../../../arm-none-eabi/lib/thumb/v7-m/nofp\libc_nano.a
LOAD c:/st/stm32cubeide_1.12.1/stm32cubeide/plugins/com.st.stm32cube.ide.mcu.externaltools.gnu-tools-for-stm32.10.3-2021.10.win32_1.0.200.202301161003/tools/bin/../lib/gcc/arm-none-eabi/10.3.1/../../../../arm-none-eabi/lib/thumb/v7-m/nofp\libm.a
END GROUP
START GROUP
LOAD c:/st/stm32cubeide_1.12.1/stm32cubeide/plugins/com.st.stm32cube.ide.mcu.externaltools.gnu-tools-for-stm32.10.3-2021.10.win32_1.0.200.202301161003/tools/bin/../lib/gcc/arm-none-eabi/10.3.1/thumb/v7-m/nofp\libgcc.a
LOAD c:/st/stm32cubeide_1.12.1/stm32cubeide/plugins/com.st.stm32cube.ide.mcu.externaltools.gnu-tools-for-stm32.10.3-2021.10.win32_1.0.200.202301161003/tools/bin/../lib/gcc/arm-none-eabi/10.3.1/../../../../arm-none-eabi/lib/thumb/v7-m/nofp\libc_nano.a
END GROUP
START GROUP
LOAD c:/st/stm32cubeide_1.12.1/stm32cubeide/plugins/com.st.stm32cube.ide.mcu.externaltools.gnu-tools-for-stm32.10.3-2021.10.win32_1.0.200.202301161003/tools/bin/../lib/gcc/arm-none-eabi/10.3.1/thumb/v7-m/nofp\libgcc.a
LOAD c:/st/stm32cubeide_1.12.1/stm32cubeide/plugins/com.st.stm32cube.ide.mcu.externaltools.gnu-tools-for-stm32.10.3-2021.10.win32_1.0.200.202301161003/tools/bin/../lib/gcc/arm-none-eabi/10.3.1/../../../../arm-none-eabi/lib/thumb/v7-m/nofp\libc_nano.a
LOAD c:/st/stm32cubeide_1.12.1/stm32cubeide/plugins/com.st.stm32cube.ide.mcu.externaltools.gnu-tools-for-stm32.10.3-2021.10.win32_1.0.200.202301161003/tools/bin/../lib/gcc/arm-none-eabi/10.3.1/../../../../arm-none-eabi/lib/thumb/v7-m/nofp\libnosys.a
END GROUP
START GROUP
LOAD c:/st/stm32cubeide_1.12.1/stm32cubeide/plugins/com.st.stm32cube.ide.mcu.externaltools.gnu-tools-for-stm32.10.3-2021.10.win32_1.0.200.202301161003/tools/bin/../lib/gcc/arm-none-eabi/10.3.1/thumb/v7-m/nofp\libgcc.a
LOAD c:/st/stm32cubeide_1.12.1/stm32cubeide/plugins/com.st.stm32cube.ide.mcu.externaltools.gnu-tools-for-stm32.10.3-2021.10.win32_1.0.200.202301161003/tools/bin/../lib/gcc/arm-none-eabi/10.3.1/../../../../arm-none-eabi/lib/thumb/v7-m/nofp\libc_nano.a
LOAD c:/st/stm32cubeide_1.12.1/stm32cubeide/plugins/com.st.stm32cube.ide.mcu.externaltools.gnu-tools-for-stm32.10.3-2021.10.win32_1.0.200.202301161003/tools/bin/../lib/gcc/arm-none-eabi/10.3.1/../../../../arm-none-eabi/lib/thumb/v7-m/nofp\libnosys.a
END GROUP
LOAD c:/st/stm32cubeide_1.12.1/stm32cubeide/plugins/com.st.stm32cube.ide.mcu.externaltools.gnu-tools-for-stm32.10.3-2021.10.win32_1.0.200.202301161003/tools/bin/../lib/gcc/arm-none-eabi/10.3.1/thumb/v7-m/nofp/crtend.o
LOAD c:/st/stm32cubeide_1.12.1/stm32cubeide/plugins/com.st.stm32cube.ide.mcu.externaltools.gnu-tools-for-stm32.10.3-2021.10.win32_1.0.200.202301161003/tools/bin/../lib/gcc/arm-none-eabi/10.3.1/thumb/v7-m/nofp/crtn.o
                0x0000000020002800                _estack = (ORIGIN (RAM) + LENGTH (RAM))
                0x0000000000000200                _Min_Heap_Size = 0x200
                0x0000000000000400                _Min_Stack_Size = 0x400

.isr_vector     0x0000000008000000      0x10c
                0x0000000008000000                . = ALIGN (0x4)
 *(.isr_vector)
 .isr_vector    0x0000000008000000      0x10c ./Core/Startup/startup_stm32f103c6tx.o
                0x0000000008000000                g_pfnVectors
                0x000000000800010c                . = ALIGN (0x4)

.text           0x0000000008000110     0x3f74
                0x0000000008000110                . = ALIGN (0x4)
 *(.text)
 .text          0x0000000008000110       0x40 c:/st/stm32cubeide_1.12.1/stm32cubeide/plugins/com.st.stm32cube.ide.mcu.externaltools.gnu-tools-for-stm32.10.3-2021.10.win32_1.0.200.202301161003/tools/bin/../lib/gcc/arm-none-eabi/10.3.1/thumb/v7-m/nofp/crtbegin.o
 .text          0x0000000008000150      0x254 c:/st/stm32cubeide_1.12.1/stm32cubeide/plugins/com.st.stm32cube.ide.mcu.externaltools.gnu-tools-for-stm32.10.3-2021.10.win32_1.0.200.202301161003/tools/bin/../lib/gcc/arm-none-eabi/10.3.1/thumb/v7-m/nofp\libgcc.a(_arm_muldf3.o)
                0x0000000008000150                __muldf3
                0x0000000008000150                __aeabi_dmul
 .text          0x00000000080003a4      0x378 c:/st/stm32cubeide_1.12.1/stm32cubeide/plugins/com.st.stm32cube.ide.mcu.externaltools.gnu-tools-for-stm32.10.3-2021.10.win32_1.0.200.202301161003/tools/bin/../lib/gcc/arm-none-eabi/10.3.1/thumb/v7-m/nofp\libgcc.a(_arm_addsubdf3.o)
                0x00000000080003a4                __aeabi_drsub
                0x00000000080003ac                __aeabi_dsub
                0x00000000080003ac                __subdf3
                0x00000000080003b0                __aeabi_dadd
                0x00000000080003b0                __adddf3
                0x0000000008000628                __floatunsidf
                0x0000000008000628                __aeabi_ui2d
                0x0000000008000648                __floatsidf
                0x0000000008000648                __aeabi_i2d
                0x000000000800066c                __aeabi_f2d
                0x000000000800066c                __extendsfdf2
                0x00000000080006b0                __floatundidf
                0x00000000080006b0                __aeabi_ul2d
                0x00000000080006c0                __floatdidf
                0x00000000080006c0                __aeabi_l2d
 .text          0x000000000800071c       0x40 c:/st/stm32cubeide_1.12.1/stm32cubeide/plugins/com.st.stm32cube.ide.mcu.externaltools.gnu-tools-for-stm32.10.3-2021.10.win32_1.0.200.202301161003/tools/bin/../lib/gcc/arm-none-eabi/10.3.1/thumb/v7-m/nofp\libgcc.a(_arm_fixunsdfsi.o)
                0x000000000800071c                __aeabi_d2uiz
                0x000000000800071c                __fixunsdfsi
 *(.text*)
 *fill*         0x000000000800075c        0x4 
 .text.ARGB_Init
                0x0000000008000760       0xf0 ./Core/Src/ARGB.o
                0x0000000008000760                ARGB_Init
 .text.ARGB_Clear
                0x0000000008000850       0x12 ./Core/Src/ARGB.o
                0x0000000008000850                ARGB_Clear
 *fill*         0x0000000008000862        0x2 
 .text.ARGB_SetBrightness
                0x0000000008000864       0x20 ./Core/Src/ARGB.o
                0x0000000008000864                ARGB_SetBrightness
 .text.ARGB_SetRGB
                0x0000000008000884       0xe4 ./Core/Src/ARGB.o
                0x0000000008000884                ARGB_SetRGB
 .text.ARGB_FillRGB
                0x0000000008000968       0x42 ./Core/Src/ARGB.o
                0x0000000008000968                ARGB_FillRGB
 *fill*         0x00000000080009aa        0x2 
 .text.ARGB_Show
                0x00000000080009ac      0x2c0 ./Core/Src/ARGB.o
                0x00000000080009ac                ARGB_Show
 .text.scale8   0x0000000008000c6c       0x26 ./Core/Src/ARGB.o
 *fill*         0x0000000008000c92        0x2 
 .text.ARGB_TIM_DMADelayPulseCplt
                0x0000000008000c94      0x2b0 ./Core/Src/ARGB.o
 .text.ARGB_TIM_DMADelayPulseHalfCplt
                0x0000000008000f44      0x17c ./Core/Src/ARGB.o
 .text.CAN_Start
                0x00000000080010c0       0x34 ./Core/Src/can.o
                0x00000000080010c0                CAN_Start
 .text.HAL_CAN_RxFifo0MsgPendingCallback
                0x00000000080010f4       0x34 ./Core/Src/can.o
                0x00000000080010f4                HAL_CAN_RxFifo0MsgPendingCallback
 .text.MX_CAN_Init
                0x0000000008001128       0xa8 ./Core/Src/can.o
                0x0000000008001128                MX_CAN_Init
 .text.HAL_CAN_MspInit
                0x00000000080011d0       0xb8 ./Core/Src/can.o
                0x00000000080011d0                HAL_CAN_MspInit
 .text.MX_DMA_Init
                0x0000000008001288       0x3c ./Core/Src/dma.o
                0x0000000008001288                MX_DMA_Init
 .text.MX_GPIO_Init
                0x00000000080012c4       0x44 ./Core/Src/gpio.o
                0x00000000080012c4                MX_GPIO_Init
 .text.main     0x0000000008001308       0x98 ./Core/Src/main.o
                0x0000000008001308                main
 .text.SystemClock_Config
                0x00000000080013a0       0x8a ./Core/Src/main.o
                0x00000000080013a0                SystemClock_Config
 .text.Error_Handler
                0x000000000800142a        0xa ./Core/Src/main.o
                0x000000000800142a                Error_Handler
 .text.HAL_MspInit
                0x0000000008001434       0x64 ./Core/Src/stm32f1xx_hal_msp.o
                0x0000000008001434                HAL_MspInit
 .text.NMI_Handler
                0x0000000008001498        0x6 ./Core/Src/stm32f1xx_it.o
                0x0000000008001498                NMI_Handler
 .text.HardFault_Handler
                0x000000000800149e        0x6 ./Core/Src/stm32f1xx_it.o
                0x000000000800149e                HardFault_Handler
 .text.MemManage_Handler
                0x00000000080014a4        0x6 ./Core/Src/stm32f1xx_it.o
                0x00000000080014a4                MemManage_Handler
 .text.BusFault_Handler
                0x00000000080014aa        0x6 ./Core/Src/stm32f1xx_it.o
                0x00000000080014aa                BusFault_Handler
 .text.UsageFault_Handler
                0x00000000080014b0        0x6 ./Core/Src/stm32f1xx_it.o
                0x00000000080014b0                UsageFault_Handler
 .text.SVC_Handler
                0x00000000080014b6        0xc ./Core/Src/stm32f1xx_it.o
                0x00000000080014b6                SVC_Handler
 .text.DebugMon_Handler
                0x00000000080014c2        0xc ./Core/Src/stm32f1xx_it.o
                0x00000000080014c2                DebugMon_Handler
 .text.PendSV_Handler
                0x00000000080014ce        0xc ./Core/Src/stm32f1xx_it.o
                0x00000000080014ce                PendSV_Handler
 .text.SysTick_Handler
                0x00000000080014da        0xc ./Core/Src/stm32f1xx_it.o
                0x00000000080014da                SysTick_Handler
 *fill*         0x00000000080014e6        0x2 
 .text.DMA1_Channel7_IRQHandler
                0x00000000080014e8       0x14 ./Core/Src/stm32f1xx_it.o
                0x00000000080014e8                DMA1_Channel7_IRQHandler
 .text.USB_LP_CAN1_RX0_IRQHandler
                0x00000000080014fc       0x14 ./Core/Src/stm32f1xx_it.o
                0x00000000080014fc                USB_LP_CAN1_RX0_IRQHandler
 .text.CAN1_RX1_IRQHandler
                0x0000000008001510       0x14 ./Core/Src/stm32f1xx_it.o
                0x0000000008001510                CAN1_RX1_IRQHandler
 .text.SystemInit
                0x0000000008001524        0xc ./Core/Src/system_stm32f1xx.o
                0x0000000008001524                SystemInit
 .text.MX_TIM2_Init
                0x0000000008001530       0xe8 ./Core/Src/tim.o
                0x0000000008001530                MX_TIM2_Init
 .text.HAL_TIM_Base_MspInit
                0x0000000008001618       0x9c ./Core/Src/tim.o
                0x0000000008001618                HAL_TIM_Base_MspInit
 .text.HAL_TIM_MspPostInit
                0x00000000080016b4       0x60 ./Core/Src/tim.o
                0x00000000080016b4                HAL_TIM_MspPostInit
 .text.Reset_Handler
                0x0000000008001714       0x48 ./Core/Startup/startup_stm32f103c6tx.o
                0x0000000008001714                Reset_Handler
 .text.Default_Handler
                0x000000000800175c        0x2 ./Core/Startup/startup_stm32f103c6tx.o
                0x000000000800175c                RTC_Alarm_IRQHandler
                0x000000000800175c                EXTI2_IRQHandler
                0x000000000800175c                TIM1_CC_IRQHandler
                0x000000000800175c                PVD_IRQHandler
                0x000000000800175c                EXTI3_IRQHandler
                0x000000000800175c                EXTI0_IRQHandler
                0x000000000800175c                ADC1_2_IRQHandler
                0x000000000800175c                SPI1_IRQHandler
                0x000000000800175c                TAMPER_IRQHandler
                0x000000000800175c                DMA1_Channel4_IRQHandler
                0x000000000800175c                RTC_IRQHandler
                0x000000000800175c                I2C1_EV_IRQHandler
                0x000000000800175c                DMA1_Channel6_IRQHandler
                0x000000000800175c                TIM3_IRQHandler
                0x000000000800175c                RCC_IRQHandler
                0x000000000800175c                TIM1_TRG_COM_IRQHandler
                0x000000000800175c                DMA1_Channel1_IRQHandler
                0x000000000800175c                Default_Handler
                0x000000000800175c                EXTI15_10_IRQHandler
                0x000000000800175c                EXTI9_5_IRQHandler
                0x000000000800175c                DMA1_Channel5_IRQHandler
                0x000000000800175c                EXTI4_IRQHandler
                0x000000000800175c                USB_HP_CAN1_TX_IRQHandler
                0x000000000800175c                DMA1_Channel3_IRQHandler
                0x000000000800175c                TIM1_UP_IRQHandler
                0x000000000800175c                WWDG_IRQHandler
                0x000000000800175c                TIM2_IRQHandler
                0x000000000800175c                TIM1_BRK_IRQHandler
                0x000000000800175c                EXTI1_IRQHandler
                0x000000000800175c                USART2_IRQHandler
                0x000000000800175c                DMA1_Channel2_IRQHandler
                0x000000000800175c                CAN1_SCE_IRQHandler
                0x000000000800175c                FLASH_IRQHandler
                0x000000000800175c                USART1_IRQHandler
                0x000000000800175c                I2C1_ER_IRQHandler
                0x000000000800175c                USBWakeUp_IRQHandler
 *fill*         0x000000000800175e        0x2 
 .text.HAL_Init
                0x0000000008001760       0x2c ./Drivers/STM32F1xx_HAL_Driver/Src/stm32f1xx_hal.o
                0x0000000008001760                HAL_Init
 .text.HAL_InitTick
                0x000000000800178c       0x60 ./Drivers/STM32F1xx_HAL_Driver/Src/stm32f1xx_hal.o
                0x000000000800178c                HAL_InitTick
 .text.HAL_IncTick
                0x00000000080017ec       0x24 ./Drivers/STM32F1xx_HAL_Driver/Src/stm32f1xx_hal.o
                0x00000000080017ec                HAL_IncTick
 .text.HAL_GetTick
                0x0000000008001810       0x14 ./Drivers/STM32F1xx_HAL_Driver/Src/stm32f1xx_hal.o
                0x0000000008001810                HAL_GetTick
 .text.HAL_Delay
                0x0000000008001824       0x48 ./Drivers/STM32F1xx_HAL_Driver/Src/stm32f1xx_hal.o
                0x0000000008001824                HAL_Delay
 .text.HAL_CAN_Init
                0x000000000800186c      0x1f6 ./Drivers/STM32F1xx_HAL_Driver/Src/stm32f1xx_hal_can.o
                0x000000000800186c                HAL_CAN_Init
 .text.HAL_CAN_ConfigFilter
                0x0000000008001a62      0x192 ./Drivers/STM32F1xx_HAL_Driver/Src/stm32f1xx_hal_can.o
                0x0000000008001a62                HAL_CAN_ConfigFilter
 .text.HAL_CAN_Start
                0x0000000008001bf4       0x88 ./Drivers/STM32F1xx_HAL_Driver/Src/stm32f1xx_hal_can.o
                0x0000000008001bf4                HAL_CAN_Start
 .text.HAL_CAN_GetRxMessage
                0x0000000008001c7c      0x242 ./Drivers/STM32F1xx_HAL_Driver/Src/stm32f1xx_hal_can.o
                0x0000000008001c7c                HAL_CAN_GetRxMessage
 .text.HAL_CAN_ActivateNotification
                0x0000000008001ebe       0x4a ./Drivers/STM32F1xx_HAL_Driver/Src/stm32f1xx_hal_can.o
                0x0000000008001ebe                HAL_CAN_ActivateNotification
 .text.HAL_CAN_IRQHandler
                0x0000000008001f08      0x36e ./Drivers/STM32F1xx_HAL_Driver/Src/stm32f1xx_hal_can.o
                0x0000000008001f08                HAL_CAN_IRQHandler
 .text.HAL_CAN_TxMailbox0CompleteCallback
                0x0000000008002276       0x12 ./Drivers/STM32F1xx_HAL_Driver/Src/stm32f1xx_hal_can.o
                0x0000000008002276                HAL_CAN_TxMailbox0CompleteCallback
 .text.HAL_CAN_TxMailbox1CompleteCallback
                0x0000000008002288       0x12 ./Drivers/STM32F1xx_HAL_Driver/Src/stm32f1xx_hal_can.o
                0x0000000008002288                HAL_CAN_TxMailbox1CompleteCallback
 .text.HAL_CAN_TxMailbox2CompleteCallback
                0x000000000800229a       0x12 ./Drivers/STM32F1xx_HAL_Driver/Src/stm32f1xx_hal_can.o
                0x000000000800229a                HAL_CAN_TxMailbox2CompleteCallback
 .text.HAL_CAN_TxMailbox0AbortCallback
                0x00000000080022ac       0x12 ./Drivers/STM32F1xx_HAL_Driver/Src/stm32f1xx_hal_can.o
                0x00000000080022ac                HAL_CAN_TxMailbox0AbortCallback
 .text.HAL_CAN_TxMailbox1AbortCallback
                0x00000000080022be       0x12 ./Drivers/STM32F1xx_HAL_Driver/Src/stm32f1xx_hal_can.o
                0x00000000080022be                HAL_CAN_TxMailbox1AbortCallback
 .text.HAL_CAN_TxMailbox2AbortCallback
                0x00000000080022d0       0x12 ./Drivers/STM32F1xx_HAL_Driver/Src/stm32f1xx_hal_can.o
                0x00000000080022d0                HAL_CAN_TxMailbox2AbortCallback
 .text.HAL_CAN_RxFifo0FullCallback
                0x00000000080022e2       0x12 ./Drivers/STM32F1xx_HAL_Driver/Src/stm32f1xx_hal_can.o
                0x00000000080022e2                HAL_CAN_RxFifo0FullCallback
 .text.HAL_CAN_RxFifo1MsgPendingCallback
                0x00000000080022f4       0x12 ./Drivers/STM32F1xx_HAL_Driver/Src/stm32f1xx_hal_can.o
                0x00000000080022f4                HAL_CAN_RxFifo1MsgPendingCallback
 .text.HAL_CAN_RxFifo1FullCallback
                0x0000000008002306       0x12 ./Drivers/STM32F1xx_HAL_Driver/Src/stm32f1xx_hal_can.o
                0x0000000008002306                HAL_CAN_RxFifo1FullCallback
 .text.HAL_CAN_SleepCallback
                0x0000000008002318       0x12 ./Drivers/STM32F1xx_HAL_Driver/Src/stm32f1xx_hal_can.o
                0x0000000008002318                HAL_CAN_SleepCallback
 .text.HAL_CAN_WakeUpFromRxMsgCallback
                0x000000000800232a       0x12 ./Drivers/STM32F1xx_HAL_Driver/Src/stm32f1xx_hal_can.o
                0x000000000800232a                HAL_CAN_WakeUpFromRxMsgCallback
 .text.HAL_CAN_ErrorCallback
                0x000000000800233c       0x12 ./Drivers/STM32F1xx_HAL_Driver/Src/stm32f1xx_hal_can.o
                0x000000000800233c                HAL_CAN_ErrorCallback
 *fill*         0x000000000800234e        0x2 
 .text.__NVIC_SetPriorityGrouping
                0x0000000008002350       0x48 ./Drivers/STM32F1xx_HAL_Driver/Src/stm32f1xx_hal_cortex.o
 .text.__NVIC_GetPriorityGrouping
                0x0000000008002398       0x1c ./Drivers/STM32F1xx_HAL_Driver/Src/stm32f1xx_hal_cortex.o
 .text.__NVIC_EnableIRQ
                0x00000000080023b4       0x38 ./Drivers/STM32F1xx_HAL_Driver/Src/stm32f1xx_hal_cortex.o
 .text.__NVIC_SetPriority
                0x00000000080023ec       0x54 ./Drivers/STM32F1xx_HAL_Driver/Src/stm32f1xx_hal_cortex.o
 .text.NVIC_EncodePriority
                0x0000000008002440       0x64 ./Drivers/STM32F1xx_HAL_Driver/Src/stm32f1xx_hal_cortex.o
 .text.SysTick_Config
                0x00000000080024a4       0x44 ./Drivers/STM32F1xx_HAL_Driver/Src/stm32f1xx_hal_cortex.o
 .text.HAL_NVIC_SetPriorityGrouping
                0x00000000080024e8       0x16 ./Drivers/STM32F1xx_HAL_Driver/Src/stm32f1xx_hal_cortex.o
                0x00000000080024e8                HAL_NVIC_SetPriorityGrouping
 .text.HAL_NVIC_SetPriority
                0x00000000080024fe       0x38 ./Drivers/STM32F1xx_HAL_Driver/Src/stm32f1xx_hal_cortex.o
                0x00000000080024fe                HAL_NVIC_SetPriority
 .text.HAL_NVIC_EnableIRQ
                0x0000000008002536       0x1c ./Drivers/STM32F1xx_HAL_Driver/Src/stm32f1xx_hal_cortex.o
                0x0000000008002536                HAL_NVIC_EnableIRQ
 .text.HAL_SYSTICK_Config
                0x0000000008002552       0x18 ./Drivers/STM32F1xx_HAL_Driver/Src/stm32f1xx_hal_cortex.o
                0x0000000008002552                HAL_SYSTICK_Config
 *fill*         0x000000000800256a        0x2 
 .text.HAL_DMA_Init
                0x000000000800256c       0xb4 ./Drivers/STM32F1xx_HAL_Driver/Src/stm32f1xx_hal_dma.o
                0x000000000800256c                HAL_DMA_Init
 .text.HAL_DMA_Start_IT
                0x0000000008002620       0xc0 ./Drivers/STM32F1xx_HAL_Driver/Src/stm32f1xx_hal_dma.o
                0x0000000008002620                HAL_DMA_Start_IT
 .text.HAL_DMA_Abort_IT
                0x00000000080026e0       0xf0 ./Drivers/STM32F1xx_HAL_Driver/Src/stm32f1xx_hal_dma.o
                0x00000000080026e0                HAL_DMA_Abort_IT
 .text.HAL_DMA_IRQHandler
                0x00000000080027d0      0x20c ./Drivers/STM32F1xx_HAL_Driver/Src/stm32f1xx_hal_dma.o
                0x00000000080027d0                HAL_DMA_IRQHandler
 .text.DMA_SetConfig
                0x00000000080029dc       0x5a ./Drivers/STM32F1xx_HAL_Driver/Src/stm32f1xx_hal_dma.o
 *fill*         0x0000000008002a36        0x2 
 .text.HAL_GPIO_Init
                0x0000000008002a38      0x2f8 ./Drivers/STM32F1xx_HAL_Driver/Src/stm32f1xx_hal_gpio.o
                0x0000000008002a38                HAL_GPIO_Init
 .text.HAL_RCC_OscConfig
                0x0000000008002d30      0x504 ./Drivers/STM32F1xx_HAL_Driver/Src/stm32f1xx_hal_rcc.o
                0x0000000008002d30                HAL_RCC_OscConfig
 .text.HAL_RCC_ClockConfig
                0x0000000008003234      0x1d4 ./Drivers/STM32F1xx_HAL_Driver/Src/stm32f1xx_hal_rcc.o
                0x0000000008003234                HAL_RCC_ClockConfig
 .text.HAL_RCC_GetSysClockFreq
                0x0000000008003408       0xa8 ./Drivers/STM32F1xx_HAL_Driver/Src/stm32f1xx_hal_rcc.o
                0x0000000008003408                HAL_RCC_GetSysClockFreq
 .text.HAL_RCC_GetHCLKFreq
                0x00000000080034b0       0x14 ./Drivers/STM32F1xx_HAL_Driver/Src/stm32f1xx_hal_rcc.o
                0x00000000080034b0                HAL_RCC_GetHCLKFreq
 .text.HAL_RCC_GetPCLK2Freq
                0x00000000080034c4       0x28 ./Drivers/STM32F1xx_HAL_Driver/Src/stm32f1xx_hal_rcc.o
                0x00000000080034c4                HAL_RCC_GetPCLK2Freq
 .text.RCC_Delay
                0x00000000080034ec       0x3c ./Drivers/STM32F1xx_HAL_Driver/Src/stm32f1xx_hal_rcc.o
 .text.HAL_TIM_Base_Init
                0x0000000008003528       0x9e ./Drivers/STM32F1xx_HAL_Driver/Src/stm32f1xx_hal_tim.o
                0x0000000008003528                HAL_TIM_Base_Init
 .text.HAL_TIM_PWM_Init
                0x00000000080035c6       0x9e ./Drivers/STM32F1xx_HAL_Driver/Src/stm32f1xx_hal_tim.o
                0x00000000080035c6                HAL_TIM_PWM_Init
 .text.HAL_TIM_PWM_MspInit
                0x0000000008003664       0x12 ./Drivers/STM32F1xx_HAL_Driver/Src/stm32f1xx_hal_tim.o
                0x0000000008003664                HAL_TIM_PWM_MspInit
 *fill*         0x0000000008003676        0x2 
 .text.HAL_TIM_PWM_ConfigChannel
                0x0000000008003678      0x184 ./Drivers/STM32F1xx_HAL_Driver/Src/stm32f1xx_hal_tim.o
                0x0000000008003678                HAL_TIM_PWM_ConfigChannel
 .text.HAL_TIM_ConfigClockSource
                0x00000000080037fc      0x18e ./Drivers/STM32F1xx_HAL_Driver/Src/stm32f1xx_hal_tim.o
                0x00000000080037fc                HAL_TIM_ConfigClockSource
 .text.HAL_TIM_ErrorCallback
                0x000000000800398a       0x12 ./Drivers/STM32F1xx_HAL_Driver/Src/stm32f1xx_hal_tim.o
                0x000000000800398a                HAL_TIM_ErrorCallback
 .text.TIM_DMAError
                0x000000000800399c       0x92 ./Drivers/STM32F1xx_HAL_Driver/Src/stm32f1xx_hal_tim.o
                0x000000000800399c                TIM_DMAError
 *fill*         0x0000000008003a2e        0x2 
 .text.TIM_Base_SetConfig
                0x0000000008003a30       0xb0 ./Drivers/STM32F1xx_HAL_Driver/Src/stm32f1xx_hal_tim.o
                0x0000000008003a30                TIM_Base_SetConfig
 .text.TIM_OC1_SetConfig
                0x0000000008003ae0       0xcc ./Drivers/STM32F1xx_HAL_Driver/Src/stm32f1xx_hal_tim.o
 .text.TIM_OC2_SetConfig
                0x0000000008003bac       0xd4 ./Drivers/STM32F1xx_HAL_Driver/Src/stm32f1xx_hal_tim.o
                0x0000000008003bac                TIM_OC2_SetConfig
 .text.TIM_OC3_SetConfig
                0x0000000008003c80       0xd4 ./Drivers/STM32F1xx_HAL_Driver/Src/stm32f1xx_hal_tim.o
 .text.TIM_OC4_SetConfig
                0x0000000008003d54       0x9c ./Drivers/STM32F1xx_HAL_Driver/Src/stm32f1xx_hal_tim.o
 .text.TIM_TI1_ConfigInputStage
                0x0000000008003df0       0x5c ./Drivers/STM32F1xx_HAL_Driver/Src/stm32f1xx_hal_tim.o
 .text.TIM_TI2_ConfigInputStage
                0x0000000008003e4c       0x5e ./Drivers/STM32F1xx_HAL_Driver/Src/stm32f1xx_hal_tim.o
 .text.TIM_ITRx_SetConfig
                0x0000000008003eaa       0x34 ./Drivers/STM32F1xx_HAL_Driver/Src/stm32f1xx_hal_tim.o
 .text.TIM_ETR_SetConfig
                0x0000000008003ede       0x3e ./Drivers/STM32F1xx_HAL_Driver/Src/stm32f1xx_hal_tim.o
                0x0000000008003ede                TIM_ETR_SetConfig
 .text.TIM_CCxChannelCmd
                0x0000000008003f1c       0x48 ./Drivers/STM32F1xx_HAL_Driver/Src/stm32f1xx_hal_tim.o
                0x0000000008003f1c                TIM_CCxChannelCmd
 .text.HAL_TIMEx_MasterConfigSynchronization
                0x0000000008003f64       0xb0 ./Drivers/STM32F1xx_HAL_Driver/Src/stm32f1xx_hal_tim_ex.o
                0x0000000008003f64                HAL_TIMEx_MasterConfigSynchronization
 .text.__libc_init_array
                0x0000000008004014       0x48 c:/st/stm32cubeide_1.12.1/stm32cubeide/plugins/com.st.stm32cube.ide.mcu.externaltools.gnu-tools-for-stm32.10.3-2021.10.win32_1.0.200.202301161003/tools/bin/../lib/gcc/arm-none-eabi/10.3.1/../../../../arm-none-eabi/lib/thumb/v7-m/nofp\libc_nano.a(lib_a-init.o)
                0x0000000008004014                __libc_init_array
 .text.memset   0x000000000800405c       0x10 c:/st/stm32cubeide_1.12.1/stm32cubeide/plugins/com.st.stm32cube.ide.mcu.externaltools.gnu-tools-for-stm32.10.3-2021.10.win32_1.0.200.202301161003/tools/bin/../lib/gcc/arm-none-eabi/10.3.1/../../../../arm-none-eabi/lib/thumb/v7-m/nofp\libc_nano.a(lib_a-memset.o)
                0x000000000800405c                memset
 *(.glue_7)
 .glue_7        0x000000000800406c        0x0 linker stubs
 *(.glue_7t)
 .glue_7t       0x000000000800406c        0x0 linker stubs
 *(.eh_frame)
 .eh_frame      0x000000000800406c        0x0 c:/st/stm32cubeide_1.12.1/stm32cubeide/plugins/com.st.stm32cube.ide.mcu.externaltools.gnu-tools-for-stm32.10.3-2021.10.win32_1.0.200.202301161003/tools/bin/../lib/gcc/arm-none-eabi/10.3.1/thumb/v7-m/nofp/crtbegin.o
 *(.init)
 .init          0x000000000800406c        0x4 c:/st/stm32cubeide_1.12.1/stm32cubeide/plugins/com.st.stm32cube.ide.mcu.externaltools.gnu-tools-for-stm32.10.3-2021.10.win32_1.0.200.202301161003/tools/bin/../lib/gcc/arm-none-eabi/10.3.1/thumb/v7-m/nofp/crti.o
                0x000000000800406c                _init
 .init          0x0000000008004070        0x8 c:/st/stm32cubeide_1.12.1/stm32cubeide/plugins/com.st.stm32cube.ide.mcu.externaltools.gnu-tools-for-stm32.10.3-2021.10.win32_1.0.200.202301161003/tools/bin/../lib/gcc/arm-none-eabi/10.3.1/thumb/v7-m/nofp/crtn.o
 *(.fini)
 .fini          0x0000000008004078        0x4 c:/st/stm32cubeide_1.12.1/stm32cubeide/plugins/com.st.stm32cube.ide.mcu.externaltools.gnu-tools-for-stm32.10.3-2021.10.win32_1.0.200.202301161003/tools/bin/../lib/gcc/arm-none-eabi/10.3.1/thumb/v7-m/nofp/crti.o
                0x0000000008004078                _fini
 .fini          0x000000000800407c        0x8 c:/st/stm32cubeide_1.12.1/stm32cubeide/plugins/com.st.stm32cube.ide.mcu.externaltools.gnu-tools-for-stm32.10.3-2021.10.win32_1.0.200.202301161003/tools/bin/../lib/gcc/arm-none-eabi/10.3.1/thumb/v7-m/nofp/crtn.o
                0x0000000008004084                . = ALIGN (0x4)
                0x0000000008004084                _etext = .

.vfp11_veneer   0x0000000008004084        0x0
 .vfp11_veneer  0x0000000008004084        0x0 linker stubs

.v4_bx          0x0000000008004084        0x0
 .v4_bx         0x0000000008004084        0x0 linker stubs

.iplt           0x0000000008004084        0x0
 .iplt          0x0000000008004084        0x0 c:/st/stm32cubeide_1.12.1/stm32cubeide/plugins/com.st.stm32cube.ide.mcu.externaltools.gnu-tools-for-stm32.10.3-2021.10.win32_1.0.200.202301161003/tools/bin/../lib/gcc/arm-none-eabi/10.3.1/thumb/v7-m/nofp/crtbegin.o

.rodata         0x0000000008004084       0x2c
                0x0000000008004084                . = ALIGN (0x4)
 *(.rodata)
 *(.rodata*)
 .rodata.AHBPrescTable
                0x0000000008004084       0x10 ./Core/Src/system_stm32f1xx.o
                0x0000000008004084                AHBPrescTable
 .rodata.APBPrescTable
                0x0000000008004094        0x8 ./Core/Src/system_stm32f1xx.o
                0x0000000008004094                APBPrescTable
 .rodata.aPLLMULFactorTable.1
                0x000000000800409c       0x10 ./Drivers/STM32F1xx_HAL_Driver/Src/stm32f1xx_hal_rcc.o
 .rodata.aPredivFactorTable.0
                0x00000000080040ac        0x2 ./Drivers/STM32F1xx_HAL_Driver/Src/stm32f1xx_hal_rcc.o
                0x00000000080040b0                . = ALIGN (0x4)
 *fill*         0x00000000080040ae        0x2 

.rel.dyn        0x00000000080040b0        0x0
 .rel.iplt      0x00000000080040b0        0x0 c:/st/stm32cubeide_1.12.1/stm32cubeide/plugins/com.st.stm32cube.ide.mcu.externaltools.gnu-tools-for-stm32.10.3-2021.10.win32_1.0.200.202301161003/tools/bin/../lib/gcc/arm-none-eabi/10.3.1/thumb/v7-m/nofp/crtbegin.o

.ARM.extab      0x00000000080040b0        0x0
                0x00000000080040b0                . = ALIGN (0x4)
 *(.ARM.extab* .gnu.linkonce.armextab.*)
                0x00000000080040b0                . = ALIGN (0x4)

.ARM            0x00000000080040b0        0x0
                0x00000000080040b0                . = ALIGN (0x4)
                0x00000000080040b0                __exidx_start = .
 *(.ARM.exidx*)
                0x00000000080040b0                __exidx_end = .
                0x00000000080040b0                . = ALIGN (0x4)

.preinit_array  0x00000000080040b0        0x0
                0x00000000080040b0                . = ALIGN (0x4)
                0x00000000080040b0                PROVIDE (__preinit_array_start = .)
 *(.preinit_array*)
                0x00000000080040b0                PROVIDE (__preinit_array_end = .)
                0x00000000080040b0                . = ALIGN (0x4)

.init_array     0x00000000080040b0        0x4
                0x00000000080040b0                . = ALIGN (0x4)
                0x00000000080040b0                PROVIDE (__init_array_start = .)
 *(SORT_BY_NAME(.init_array.*))
 *(.init_array*)
 .init_array    0x00000000080040b0        0x4 c:/st/stm32cubeide_1.12.1/stm32cubeide/plugins/com.st.stm32cube.ide.mcu.externaltools.gnu-tools-for-stm32.10.3-2021.10.win32_1.0.200.202301161003/tools/bin/../lib/gcc/arm-none-eabi/10.3.1/thumb/v7-m/nofp/crtbegin.o
                0x00000000080040b4                PROVIDE (__init_array_end = .)
                0x00000000080040b4                . = ALIGN (0x4)

.fini_array     0x00000000080040b4        0x4
                0x00000000080040b4                . = ALIGN (0x4)
                [!provide]                        PROVIDE (__fini_array_start = .)
 *(SORT_BY_NAME(.fini_array.*))
 *(.fini_array*)
 .fini_array    0x00000000080040b4        0x4 c:/st/stm32cubeide_1.12.1/stm32cubeide/plugins/com.st.stm32cube.ide.mcu.externaltools.gnu-tools-for-stm32.10.3-2021.10.win32_1.0.200.202301161003/tools/bin/../lib/gcc/arm-none-eabi/10.3.1/thumb/v7-m/nofp/crtbegin.o
                [!provide]                        PROVIDE (__fini_array_end = .)
                0x00000000080040b8                . = ALIGN (0x4)
                0x00000000080040b8                _sidata = LOADADDR (.data)

.data           0x0000000020000000       0x10 load address 0x00000000080040b8
                0x0000000020000000                . = ALIGN (0x4)
                0x0000000020000000                _sdata = .
 *(.data)
 *(.data*)
 .data.ARGB_BR  0x0000000020000000        0x1 ./Core/Src/ARGB.o
                0x0000000020000000                ARGB_BR
 *fill*         0x0000000020000001        0x3 
 .data.SystemCoreClock
                0x0000000020000004        0x4 ./Core/Src/system_stm32f1xx.o
                0x0000000020000004                SystemCoreClock
 .data.uwTickPrio
                0x0000000020000008        0x4 ./Drivers/STM32F1xx_HAL_Driver/Src/stm32f1xx_hal.o
                0x0000000020000008                uwTickPrio
 .data.uwTickFreq
                0x000000002000000c        0x1 ./Drivers/STM32F1xx_HAL_Driver/Src/stm32f1xx_hal.o
                0x000000002000000c                uwTickFreq
 *(.RamFunc)
 *(.RamFunc*)
                0x0000000020000010                . = ALIGN (0x4)
 *fill*         0x000000002000000d        0x3 
                0x0000000020000010                _edata = .

.igot.plt       0x0000000020000010        0x0 load address 0x00000000080040c8
 .igot.plt      0x0000000020000010        0x0 c:/st/stm32cubeide_1.12.1/stm32cubeide/plugins/com.st.stm32cube.ide.mcu.externaltools.gnu-tools-for-stm32.10.3-2021.10.win32_1.0.200.202301161003/tools/bin/../lib/gcc/arm-none-eabi/10.3.1/thumb/v7-m/nofp/crtbegin.o
                0x0000000020000010                . = ALIGN (0x4)

.bss            0x0000000020000010      0x1f4 load address 0x00000000080040c8
                0x0000000020000010                _sbss = .
                0x0000000020000010                __bss_start__ = _sbss
 *(.bss)
 .bss           0x0000000020000010       0x1c c:/st/stm32cubeide_1.12.1/stm32cubeide/plugins/com.st.stm32cube.ide.mcu.externaltools.gnu-tools-for-stm32.10.3-2021.10.win32_1.0.200.202301161003/tools/bin/../lib/gcc/arm-none-eabi/10.3.1/thumb/v7-m/nofp/crtbegin.o
 *(.bss*)
 .bss.PWM_HI    0x000000002000002c        0x1 ./Core/Src/ARGB.o
                0x000000002000002c                PWM_HI
 .bss.PWM_LO    0x000000002000002d        0x1 ./Core/Src/ARGB.o
                0x000000002000002d                PWM_LO
 *fill*         0x000000002000002e        0x2 
 .bss.RGB_BUF   0x0000000020000030       0x18 ./Core/Src/ARGB.o
                0x0000000020000030                RGB_BUF
 .bss.PWM_BUF   0x0000000020000048       0xc0 ./Core/Src/ARGB.o
                0x0000000020000048                PWM_BUF
 .bss.BUF_COUNTER
                0x0000000020000108        0x2 ./Core/Src/ARGB.o
                0x0000000020000108                BUF_COUNTER
 .bss.ARGB_LOC_ST
                0x000000002000010a        0x1 ./Core/Src/ARGB.o
                0x000000002000010a                ARGB_LOC_ST
 *fill*         0x000000002000010b        0x1 
 .bss.TxHeader  0x000000002000010c       0x18 ./Core/Src/can.o
                0x000000002000010c                TxHeader
 .bss.RxHeader  0x0000000020000124       0x1c ./Core/Src/can.o
                0x0000000020000124                RxHeader
 .bss.c         0x0000000020000140        0x4 ./Core/Src/can.o
                0x0000000020000140                c
 .bss.RxData    0x0000000020000144        0x8 ./Core/Src/can.o
                0x0000000020000144                RxData
 .bss.hcan      0x000000002000014c       0x28 ./Core/Src/can.o
                0x000000002000014c                hcan
 .bss.htim2     0x0000000020000174       0x48 ./Core/Src/tim.o
                0x0000000020000174                htim2
 .bss.hdma_tim2_ch2_ch4
                0x00000000200001bc       0x44 ./Core/Src/tim.o
                0x00000000200001bc                hdma_tim2_ch2_ch4
 .bss.uwTick    0x0000000020000200        0x4 ./Drivers/STM32F1xx_HAL_Driver/Src/stm32f1xx_hal.o
                0x0000000020000200                uwTick
 *(COMMON)
                0x0000000020000204                . = ALIGN (0x4)
                0x0000000020000204                _ebss = .
                0x0000000020000204                __bss_end__ = _ebss

._user_heap_stack
                0x0000000020000204      0x604 load address 0x00000000080040c8
                0x0000000020000208                . = ALIGN (0x8)
 *fill*         0x0000000020000204        0x4 
                [!provide]                        PROVIDE (end = .)
                0x0000000020000208                PROVIDE (_end = .)
                0x0000000020000408                . = (. + _Min_Heap_Size)
 *fill*         0x0000000020000208      0x200 
                0x0000000020000808                . = (. + _Min_Stack_Size)
 *fill*         0x0000000020000408      0x400 
                0x0000000020000808                . = ALIGN (0x8)

/DISCARD/
 libc.a(*)
 libm.a(*)
 libgcc.a(*)

.ARM.attributes
                0x0000000000000000       0x29
 *(.ARM.attributes)
 .ARM.attributes
                0x0000000000000000       0x1d c:/st/stm32cubeide_1.12.1/stm32cubeide/plugins/com.st.stm32cube.ide.mcu.externaltools.gnu-tools-for-stm32.10.3-2021.10.win32_1.0.200.202301161003/tools/bin/../lib/gcc/arm-none-eabi/10.3.1/thumb/v7-m/nofp/crti.o
 .ARM.attributes
                0x000000000000001d       0x2d c:/st/stm32cubeide_1.12.1/stm32cubeide/plugins/com.st.stm32cube.ide.mcu.externaltools.gnu-tools-for-stm32.10.3-2021.10.win32_1.0.200.202301161003/tools/bin/../lib/gcc/arm-none-eabi/10.3.1/thumb/v7-m/nofp/crtbegin.o
 .ARM.attributes
                0x000000000000004a       0x2d ./Core/Src/ARGB.o
 .ARM.attributes
                0x0000000000000077       0x2d ./Core/Src/can.o
 .ARM.attributes
                0x00000000000000a4       0x2d ./Core/Src/dma.o
 .ARM.attributes
                0x00000000000000d1       0x2d ./Core/Src/gpio.o
 .ARM.attributes
                0x00000000000000fe       0x2d ./Core/Src/main.o
 .ARM.attributes
                0x000000000000012b       0x2d ./Core/Src/stm32f1xx_hal_msp.o
 .ARM.attributes
                0x0000000000000158       0x2d ./Core/Src/stm32f1xx_it.o
 .ARM.attributes
                0x0000000000000185       0x2d ./Core/Src/system_stm32f1xx.o
 .ARM.attributes
                0x00000000000001b2       0x2d ./Core/Src/tim.o
 .ARM.attributes
                0x00000000000001df       0x21 ./Core/Startup/startup_stm32f103c6tx.o
 .ARM.attributes
                0x0000000000000200       0x2d ./Drivers/STM32F1xx_HAL_Driver/Src/stm32f1xx_hal.o
 .ARM.attributes
                0x000000000000022d       0x2d ./Drivers/STM32F1xx_HAL_Driver/Src/stm32f1xx_hal_can.o
 .ARM.attributes
                0x000000000000025a       0x2d ./Drivers/STM32F1xx_HAL_Driver/Src/stm32f1xx_hal_cortex.o
 .ARM.attributes
                0x0000000000000287       0x2d ./Drivers/STM32F1xx_HAL_Driver/Src/stm32f1xx_hal_dma.o
 .ARM.attributes
                0x00000000000002b4       0x2d ./Drivers/STM32F1xx_HAL_Driver/Src/stm32f1xx_hal_gpio.o
 .ARM.attributes
                0x00000000000002e1       0x2d ./Drivers/STM32F1xx_HAL_Driver/Src/stm32f1xx_hal_rcc.o
 .ARM.attributes
                0x000000000000030e       0x2d ./Drivers/STM32F1xx_HAL_Driver/Src/stm32f1xx_hal_tim.o
 .ARM.attributes
                0x000000000000033b       0x2d ./Drivers/STM32F1xx_HAL_Driver/Src/stm32f1xx_hal_tim_ex.o
 .ARM.attributes
                0x0000000000000368       0x2d c:/st/stm32cubeide_1.12.1/stm32cubeide/plugins/com.st.stm32cube.ide.mcu.externaltools.gnu-tools-for-stm32.10.3-2021.10.win32_1.0.200.202301161003/tools/bin/../lib/gcc/arm-none-eabi/10.3.1/../../../../arm-none-eabi/lib/thumb/v7-m/nofp\libc_nano.a(lib_a-init.o)
 .ARM.attributes
                0x0000000000000395       0x2d c:/st/stm32cubeide_1.12.1/stm32cubeide/plugins/com.st.stm32cube.ide.mcu.externaltools.gnu-tools-for-stm32.10.3-2021.10.win32_1.0.200.202301161003/tools/bin/../lib/gcc/arm-none-eabi/10.3.1/../../../../arm-none-eabi/lib/thumb/v7-m/nofp\libc_nano.a(lib_a-memset.o)
 .ARM.attributes
                0x00000000000003c2       0x1d c:/st/stm32cubeide_1.12.1/stm32cubeide/plugins/com.st.stm32cube.ide.mcu.externaltools.gnu-tools-for-stm32.10.3-2021.10.win32_1.0.200.202301161003/tools/bin/../lib/gcc/arm-none-eabi/10.3.1/thumb/v7-m/nofp\libgcc.a(_arm_muldf3.o)
 .ARM.attributes
                0x00000000000003df       0x1d c:/st/stm32cubeide_1.12.1/stm32cubeide/plugins/com.st.stm32cube.ide.mcu.externaltools.gnu-tools-for-stm32.10.3-2021.10.win32_1.0.200.202301161003/tools/bin/../lib/gcc/arm-none-eabi/10.3.1/thumb/v7-m/nofp\libgcc.a(_arm_addsubdf3.o)
 .ARM.attributes
                0x00000000000003fc       0x1d c:/st/stm32cubeide_1.12.1/stm32cubeide/plugins/com.st.stm32cube.ide.mcu.externaltools.gnu-tools-for-stm32.10.3-2021.10.win32_1.0.200.202301161003/tools/bin/../lib/gcc/arm-none-eabi/10.3.1/thumb/v7-m/nofp\libgcc.a(_arm_fixunsdfsi.o)
 .ARM.attributes
                0x0000000000000419       0x1d c:/st/stm32cubeide_1.12.1/stm32cubeide/plugins/com.st.stm32cube.ide.mcu.externaltools.gnu-tools-for-stm32.10.3-2021.10.win32_1.0.200.202301161003/tools/bin/../lib/gcc/arm-none-eabi/10.3.1/thumb/v7-m/nofp/crtn.o
OUTPUT(WB2812.elf elf32-littlearm)
LOAD linker stubs
LOAD c:/st/stm32cubeide_1.12.1/stm32cubeide/plugins/com.st.stm32cube.ide.mcu.externaltools.gnu-tools-for-stm32.10.3-2021.10.win32_1.0.200.202301161003/tools/bin/../lib/gcc/arm-none-eabi/10.3.1/../../../../arm-none-eabi/lib/thumb/v7-m/nofp\libc.a
LOAD c:/st/stm32cubeide_1.12.1/stm32cubeide/plugins/com.st.stm32cube.ide.mcu.externaltools.gnu-tools-for-stm32.10.3-2021.10.win32_1.0.200.202301161003/tools/bin/../lib/gcc/arm-none-eabi/10.3.1/../../../../arm-none-eabi/lib/thumb/v7-m/nofp\libm.a
LOAD c:/st/stm32cubeide_1.12.1/stm32cubeide/plugins/com.st.stm32cube.ide.mcu.externaltools.gnu-tools-for-stm32.10.3-2021.10.win32_1.0.200.202301161003/tools/bin/../lib/gcc/arm-none-eabi/10.3.1/thumb/v7-m/nofp\libgcc.a

.debug_info     0x0000000000000000     0xb1fe
 .debug_info    0x0000000000000000      0xe43 ./Core/Src/ARGB.o
 .debug_info    0x0000000000000e43      0xbcf ./Core/Src/can.o
 .debug_info    0x0000000000001a12      0x2c8 ./Core/Src/dma.o
 .debug_info    0x0000000000001cda      0x180 ./Core/Src/gpio.o
 .debug_info    0x0000000000001e5a      0x394 ./Core/Src/main.o
 .debug_info    0x00000000000021ee      0x210 ./Core/Src/stm32f1xx_hal_msp.o
 .debug_info    0x00000000000023fe      0x7b8 ./Core/Src/stm32f1xx_it.o
 .debug_info    0x0000000000002bb6      0x23d ./Core/Src/system_stm32f1xx.o
 .debug_info    0x0000000000002df3      0xacf ./Core/Src/tim.o
 .debug_info    0x00000000000038c2       0x22 ./Core/Startup/startup_stm32f103c6tx.o
 .debug_info    0x00000000000038e4      0x716 ./Drivers/STM32F1xx_HAL_Driver/Src/stm32f1xx_hal.o
 .debug_info    0x0000000000003ffa      0xfd2 ./Drivers/STM32F1xx_HAL_Driver/Src/stm32f1xx_hal_can.o
 .debug_info    0x0000000000004fcc      0xb02 ./Drivers/STM32F1xx_HAL_Driver/Src/stm32f1xx_hal_cortex.o
 .debug_info    0x0000000000005ace      0x744 ./Drivers/STM32F1xx_HAL_Driver/Src/stm32f1xx_hal_dma.o
 .debug_info    0x0000000000006212      0x615 ./Drivers/STM32F1xx_HAL_Driver/Src/stm32f1xx_hal_gpio.o
 .debug_info    0x0000000000006827      0x865 ./Drivers/STM32F1xx_HAL_Driver/Src/stm32f1xx_hal_rcc.o
 .debug_info    0x000000000000708c     0x2bab ./Drivers/STM32F1xx_HAL_Driver/Src/stm32f1xx_hal_tim.o
 .debug_info    0x0000000000009c37     0x15c7 ./Drivers/STM32F1xx_HAL_Driver/Src/stm32f1xx_hal_tim_ex.o

.debug_abbrev   0x0000000000000000     0x211d
 .debug_abbrev  0x0000000000000000      0x33b ./Core/Src/ARGB.o
 .debug_abbrev  0x000000000000033b      0x24c ./Core/Src/can.o
 .debug_abbrev  0x0000000000000587       0xf8 ./Core/Src/dma.o
 .debug_abbrev  0x000000000000067f       0xc2 ./Core/Src/gpio.o
 .debug_abbrev  0x0000000000000741      0x1d2 ./Core/Src/main.o
 .debug_abbrev  0x0000000000000913       0xd4 ./Core/Src/stm32f1xx_hal_msp.o
 .debug_abbrev  0x00000000000009e7      0x1b3 ./Core/Src/stm32f1xx_it.o
 .debug_abbrev  0x0000000000000b9a      0x13b ./Core/Src/system_stm32f1xx.o
 .debug_abbrev  0x0000000000000cd5      0x219 ./Core/Src/tim.o
 .debug_abbrev  0x0000000000000eee       0x12 ./Core/Startup/startup_stm32f103c6tx.o
 .debug_abbrev  0x0000000000000f00      0x1fb ./Drivers/STM32F1xx_HAL_Driver/Src/stm32f1xx_hal.o
 .debug_abbrev  0x00000000000010fb      0x204 ./Drivers/STM32F1xx_HAL_Driver/Src/stm32f1xx_hal_can.o
 .debug_abbrev  0x00000000000012ff      0x2ed ./Drivers/STM32F1xx_HAL_Driver/Src/stm32f1xx_hal_cortex.o
 .debug_abbrev  0x00000000000015ec      0x1fe ./Drivers/STM32F1xx_HAL_Driver/Src/stm32f1xx_hal_dma.o
 .debug_abbrev  0x00000000000017ea      0x1bb ./Drivers/STM32F1xx_HAL_Driver/Src/stm32f1xx_hal_gpio.o
 .debug_abbrev  0x00000000000019a5      0x2a8 ./Drivers/STM32F1xx_HAL_Driver/Src/stm32f1xx_hal_rcc.o
 .debug_abbrev  0x0000000000001c4d      0x264 ./Drivers/STM32F1xx_HAL_Driver/Src/stm32f1xx_hal_tim.o
 .debug_abbrev  0x0000000000001eb1      0x26c ./Drivers/STM32F1xx_HAL_Driver/Src/stm32f1xx_hal_tim_ex.o

.debug_aranges  0x0000000000000000      0xc20
 .debug_aranges
                0x0000000000000000       0x90 ./Core/Src/ARGB.o
 .debug_aranges
                0x0000000000000090       0x48 ./Core/Src/can.o
 .debug_aranges
                0x00000000000000d8       0x20 ./Core/Src/dma.o
 .debug_aranges
                0x00000000000000f8       0x20 ./Core/Src/gpio.o
 .debug_aranges
                0x0000000000000118       0x30 ./Core/Src/main.o
 .debug_aranges
                0x0000000000000148       0x20 ./Core/Src/stm32f1xx_hal_msp.o
 .debug_aranges
                0x0000000000000168       0x78 ./Core/Src/stm32f1xx_it.o
 .debug_aranges
                0x00000000000001e0       0x28 ./Core/Src/system_stm32f1xx.o
 .debug_aranges
                0x0000000000000208       0x38 ./Core/Src/tim.o
 .debug_aranges
                0x0000000000000240       0x28 ./Core/Startup/startup_stm32f103c6tx.o
 .debug_aranges
                0x0000000000000268       0xe0 ./Drivers/STM32F1xx_HAL_Driver/Src/stm32f1xx_hal.o
 .debug_aranges
                0x0000000000000348      0x138 ./Drivers/STM32F1xx_HAL_Driver/Src/stm32f1xx_hal_can.o
 .debug_aranges
                0x0000000000000480      0x100 ./Drivers/STM32F1xx_HAL_Driver/Src/stm32f1xx_hal_cortex.o
 .debug_aranges
                0x0000000000000580       0x80 ./Drivers/STM32F1xx_HAL_Driver/Src/stm32f1xx_hal_dma.o
 .debug_aranges
                0x0000000000000600       0x58 ./Drivers/STM32F1xx_HAL_Driver/Src/stm32f1xx_hal_gpio.o
 .debug_aranges
                0x0000000000000658       0x90 ./Drivers/STM32F1xx_HAL_Driver/Src/stm32f1xx_hal_rcc.o
 .debug_aranges
                0x00000000000006e8      0x3d0 ./Drivers/STM32F1xx_HAL_Driver/Src/stm32f1xx_hal_tim.o
 .debug_aranges
                0x0000000000000ab8      0x168 ./Drivers/STM32F1xx_HAL_Driver/Src/stm32f1xx_hal_tim_ex.o

.debug_ranges   0x0000000000000000      0xb08
 .debug_ranges  0x0000000000000000       0x80 ./Core/Src/ARGB.o
 .debug_ranges  0x0000000000000080       0x38 ./Core/Src/can.o
 .debug_ranges  0x00000000000000b8       0x10 ./Core/Src/dma.o
 .debug_ranges  0x00000000000000c8       0x10 ./Core/Src/gpio.o
 .debug_ranges  0x00000000000000d8       0x20 ./Core/Src/main.o
 .debug_ranges  0x00000000000000f8       0x10 ./Core/Src/stm32f1xx_hal_msp.o
 .debug_ranges  0x0000000000000108       0x68 ./Core/Src/stm32f1xx_it.o
 .debug_ranges  0x0000000000000170       0x18 ./Core/Src/system_stm32f1xx.o
 .debug_ranges  0x0000000000000188       0x28 ./Core/Src/tim.o
 .debug_ranges  0x00000000000001b0       0x20 ./Core/Startup/startup_stm32f103c6tx.o
 .debug_ranges  0x00000000000001d0       0xd0 ./Drivers/STM32F1xx_HAL_Driver/Src/stm32f1xx_hal.o
 .debug_ranges  0x00000000000002a0      0x128 ./Drivers/STM32F1xx_HAL_Driver/Src/stm32f1xx_hal_can.o
 .debug_ranges  0x00000000000003c8       0xf0 ./Drivers/STM32F1xx_HAL_Driver/Src/stm32f1xx_hal_cortex.o
 .debug_ranges  0x00000000000004b8       0x70 ./Drivers/STM32F1xx_HAL_Driver/Src/stm32f1xx_hal_dma.o
 .debug_ranges  0x0000000000000528       0x48 ./Drivers/STM32F1xx_HAL_Driver/Src/stm32f1xx_hal_gpio.o
 .debug_ranges  0x0000000000000570       0x80 ./Drivers/STM32F1xx_HAL_Driver/Src/stm32f1xx_hal_rcc.o
 .debug_ranges  0x00000000000005f0      0x3c0 ./Drivers/STM32F1xx_HAL_Driver/Src/stm32f1xx_hal_tim.o
 .debug_ranges  0x00000000000009b0      0x158 ./Drivers/STM32F1xx_HAL_Driver/Src/stm32f1xx_hal_tim_ex.o

.debug_macro    0x0000000000000000    0x1833c
 .debug_macro   0x0000000000000000      0x3ca ./Core/Src/ARGB.o
 .debug_macro   0x00000000000003ca      0xa6c ./Core/Src/ARGB.o
 .debug_macro   0x0000000000000e36      0x221 ./Core/Src/ARGB.o
 .debug_macro   0x0000000000001057       0x2e ./Core/Src/ARGB.o
 .debug_macro   0x0000000000001085       0x22 ./Core/Src/ARGB.o
 .debug_macro   0x00000000000010a7       0x22 ./Core/Src/ARGB.o
 .debug_macro   0x00000000000010c9       0x8e ./Core/Src/ARGB.o
 .debug_macro   0x0000000000001157       0x51 ./Core/Src/ARGB.o
 .debug_macro   0x00000000000011a8      0x103 ./Core/Src/ARGB.o
 .debug_macro   0x00000000000012ab       0x6a ./Core/Src/ARGB.o
 .debug_macro   0x0000000000001315      0x1df ./Core/Src/ARGB.o
 .debug_macro   0x00000000000014f4       0x1c ./Core/Src/ARGB.o
 .debug_macro   0x0000000000001510       0x22 ./Core/Src/ARGB.o
 .debug_macro   0x0000000000001532       0xbd ./Core/Src/ARGB.o
 .debug_macro   0x00000000000015ef      0xd23 ./Core/Src/ARGB.o
 .debug_macro   0x0000000000002312     0xde75 ./Core/Src/ARGB.o
 .debug_macro   0x0000000000010187       0x6d ./Core/Src/ARGB.o
 .debug_macro   0x00000000000101f4     0x348d ./Core/Src/ARGB.o
 .debug_macro   0x0000000000013681      0x174 ./Core/Src/ARGB.o
 .debug_macro   0x00000000000137f5       0x5c ./Core/Src/ARGB.o
 .debug_macro   0x0000000000013851      0x5bc ./Core/Src/ARGB.o
 .debug_macro   0x0000000000013e0d      0x1b7 ./Core/Src/ARGB.o
 .debug_macro   0x0000000000013fc4      0x1cb ./Core/Src/ARGB.o
 .debug_macro   0x000000000001418f      0x114 ./Core/Src/ARGB.o
 .debug_macro   0x00000000000142a3      0x1b2 ./Core/Src/ARGB.o
 .debug_macro   0x0000000000014455       0x27 ./Core/Src/ARGB.o
 .debug_macro   0x000000000001447c      0x12f ./Core/Src/ARGB.o
 .debug_macro   0x00000000000145ab      0x1bc ./Core/Src/ARGB.o
 .debug_macro   0x0000000000014767       0x34 ./Core/Src/ARGB.o
 .debug_macro   0x000000000001479b       0x3c ./Core/Src/ARGB.o
 .debug_macro   0x00000000000147d7      0x408 ./Core/Src/ARGB.o
 .debug_macro   0x0000000000014bdf       0x57 ./Core/Src/ARGB.o
 .debug_macro   0x0000000000014c36       0x87 ./Core/Src/ARGB.o
 .debug_macro   0x0000000000014cbd      0x183 ./Core/Src/ARGB.o
 .debug_macro   0x0000000000014e40      0x140 ./Core/Src/ARGB.o
 .debug_macro   0x0000000000014f80      0x8ed ./Core/Src/ARGB.o
 .debug_macro   0x000000000001586d       0x69 ./Core/Src/ARGB.o
 .debug_macro   0x00000000000158d6       0x18 ./Core/Src/ARGB.o
 .debug_macro   0x00000000000158ee       0x52 ./Core/Src/ARGB.o
 .debug_macro   0x0000000000015940       0x3c ./Core/Src/ARGB.o
 .debug_macro   0x000000000001597c       0x34 ./Core/Src/ARGB.o
 .debug_macro   0x00000000000159b0       0x16 ./Core/Src/ARGB.o
 .debug_macro   0x00000000000159c6       0x35 ./Core/Src/ARGB.o
 .debug_macro   0x00000000000159fb       0x16 ./Core/Src/ARGB.o
 .debug_macro   0x0000000000015a11       0x43 ./Core/Src/ARGB.o
 .debug_macro   0x0000000000015a54       0x34 ./Core/Src/ARGB.o
 .debug_macro   0x0000000000015a88       0x10 ./Core/Src/ARGB.o
 .debug_macro   0x0000000000015a98       0x58 ./Core/Src/ARGB.o
 .debug_macro   0x0000000000015af0       0x71 ./Core/Src/ARGB.o
 .debug_macro   0x0000000000015b61       0x1c ./Core/Src/ARGB.o
 .debug_macro   0x0000000000015b7d      0x12a ./Core/Src/ARGB.o
 .debug_macro   0x0000000000015ca7      0x341 ./Core/Src/ARGB.o
 .debug_macro   0x0000000000015fe8       0x16 ./Core/Src/ARGB.o
 .debug_macro   0x0000000000015ffe       0x29 ./Core/Src/ARGB.o
 .debug_macro   0x0000000000016027       0x22 ./Core/Src/ARGB.o
 .debug_macro   0x0000000000016049       0x16 ./Core/Src/ARGB.o
 .debug_macro   0x000000000001605f       0x20 ./Core/Src/ARGB.o
 .debug_macro   0x000000000001607f       0x1c ./Core/Src/ARGB.o
 .debug_macro   0x000000000001609b       0x10 ./Core/Src/ARGB.o
 .debug_macro   0x00000000000160ab       0x10 ./Core/Src/ARGB.o
 .debug_macro   0x00000000000160bb       0x1c ./Core/Src/ARGB.o
 .debug_macro   0x00000000000160d7       0x52 ./Core/Src/ARGB.o
 .debug_macro   0x0000000000016129       0x22 ./Core/Src/ARGB.o
 .debug_macro   0x000000000001614b       0x10 ./Core/Src/ARGB.o
 .debug_macro   0x000000000001615b       0x52 ./Core/Src/ARGB.o
 .debug_macro   0x00000000000161ad       0xd5 ./Core/Src/ARGB.o
 .debug_macro   0x0000000000016282       0x1c ./Core/Src/ARGB.o
 .debug_macro   0x000000000001629e       0x3d ./Core/Src/ARGB.o
 .debug_macro   0x00000000000162db       0x16 ./Core/Src/ARGB.o
 .debug_macro   0x00000000000162f1      0x145 ./Core/Src/ARGB.o
 .debug_macro   0x0000000000016436       0x2e ./Core/Src/ARGB.o
 .debug_macro   0x0000000000016464      0x19b ./Core/Src/ARGB.o
 .debug_macro   0x00000000000165ff      0x1b5 ./Core/Src/can.o
 .debug_macro   0x00000000000167b4      0x1b5 ./Core/Src/dma.o
 .debug_macro   0x0000000000016969      0x1b5 ./Core/Src/gpio.o
 .debug_macro   0x0000000000016b1e      0x3b6 ./Core/Src/main.o
 .debug_macro   0x0000000000016ed4      0x1ab ./Core/Src/stm32f1xx_hal_msp.o
 .debug_macro   0x000000000001707f      0x1b5 ./Core/Src/stm32f1xx_it.o
 .debug_macro   0x0000000000017234      0x1a1 ./Core/Src/system_stm32f1xx.o
 .debug_macro   0x00000000000173d5      0x1b5 ./Core/Src/tim.o
 .debug_macro   0x000000000001758a      0x1c5 ./Drivers/STM32F1xx_HAL_Driver/Src/stm32f1xx_hal.o
 .debug_macro   0x000000000001774f      0x1a9 ./Drivers/STM32F1xx_HAL_Driver/Src/stm32f1xx_hal_can.o
 .debug_macro   0x00000000000178f8      0x1a1 ./Drivers/STM32F1xx_HAL_Driver/Src/stm32f1xx_hal_cortex.o
 .debug_macro   0x0000000000017a99      0x1a1 ./Drivers/STM32F1xx_HAL_Driver/Src/stm32f1xx_hal_dma.o
 .debug_macro   0x0000000000017c3a      0x20c ./Drivers/STM32F1xx_HAL_Driver/Src/stm32f1xx_hal_gpio.o
 .debug_macro   0x0000000000017e46      0x1b3 ./Drivers/STM32F1xx_HAL_Driver/Src/stm32f1xx_hal_rcc.o
 .debug_macro   0x0000000000017ff9      0x1a2 ./Drivers/STM32F1xx_HAL_Driver/Src/stm32f1xx_hal_tim.o
 .debug_macro   0x000000000001819b      0x1a1 ./Drivers/STM32F1xx_HAL_Driver/Src/stm32f1xx_hal_tim_ex.o

.debug_line     0x0000000000000000     0xe030
 .debug_line    0x0000000000000000     0x1088 ./Core/Src/ARGB.o
 .debug_line    0x0000000000001088      0x767 ./Core/Src/can.o
 .debug_line    0x00000000000017ef      0x674 ./Core/Src/dma.o
 .debug_line    0x0000000000001e63      0x675 ./Core/Src/gpio.o
 .debug_line    0x00000000000024d8      0x98a ./Core/Src/main.o
 .debug_line    0x0000000000002e62      0x679 ./Core/Src/stm32f1xx_hal_msp.o
 .debug_line    0x00000000000034db      0x783 ./Core/Src/stm32f1xx_it.o
 .debug_line    0x0000000000003c5e      0x6f7 ./Core/Src/system_stm32f1xx.o
 .debug_line    0x0000000000004355      0x755 ./Core/Src/tim.o
 .debug_line    0x0000000000004aaa       0x86 ./Core/Startup/startup_stm32f103c6tx.o
 .debug_line    0x0000000000004b30      0x924 ./Drivers/STM32F1xx_HAL_Driver/Src/stm32f1xx_hal.o
 .debug_line    0x0000000000005454     0x10cb ./Drivers/STM32F1xx_HAL_Driver/Src/stm32f1xx_hal_can.o
 .debug_line    0x000000000000651f      0xb0c ./Drivers/STM32F1xx_HAL_Driver/Src/stm32f1xx_hal_cortex.o
 .debug_line    0x000000000000702b      0xd7d ./Drivers/STM32F1xx_HAL_Driver/Src/stm32f1xx_hal_dma.o
 .debug_line    0x0000000000007da8      0x9a8 ./Drivers/STM32F1xx_HAL_Driver/Src/stm32f1xx_hal_gpio.o
 .debug_line    0x0000000000008750      0xd30 ./Drivers/STM32F1xx_HAL_Driver/Src/stm32f1xx_hal_rcc.o
 .debug_line    0x0000000000009480     0x3366 ./Drivers/STM32F1xx_HAL_Driver/Src/stm32f1xx_hal_tim.o
 .debug_line    0x000000000000c7e6     0x184a ./Drivers/STM32F1xx_HAL_Driver/Src/stm32f1xx_hal_tim_ex.o

.debug_str      0x0000000000000000    0x8917b
 .debug_str     0x0000000000000000    0x86178 ./Core/Src/ARGB.o
                                      0x865a7 (size before relaxing)
 .debug_str     0x0000000000086178      0x74f ./Core/Src/can.o
                                      0x81ed9 (size before relaxing)
 .debug_str     0x00000000000868c7       0x29 ./Core/Src/dma.o
                                      0x8193c (size before relaxing)
 .debug_str     0x00000000000868f0       0x2c ./Core/Src/gpio.o
                                      0x81672 (size before relaxing)
 .debug_str     0x000000000008691c      0x190 ./Core/Src/main.o
                                      0x85830 (size before relaxing)
 .debug_str     0x0000000000086aac       0x50 ./Core/Src/stm32f1xx_hal_msp.o
                                      0x816a0 (size before relaxing)
 .debug_str     0x0000000000086afc      0x11c ./Core/Src/stm32f1xx_it.o
                                      0x81b9c (size before relaxing)
 .debug_str     0x0000000000086c18       0x7e ./Core/Src/system_stm32f1xx.o
                                      0x816cb (size before relaxing)
 .debug_str     0x0000000000086c96      0x206 ./Core/Src/tim.o
                                      0x81de7 (size before relaxing)
 .debug_str     0x0000000000086e9c       0x36 ./Core/Startup/startup_stm32f103c6tx.o
                                         0x4a (size before relaxing)
 .debug_str     0x0000000000086ed2      0x384 ./Drivers/STM32F1xx_HAL_Driver/Src/stm32f1xx_hal.o
                                      0x81dc4 (size before relaxing)
 .debug_str     0x0000000000087256      0x3d9 ./Drivers/STM32F1xx_HAL_Driver/Src/stm32f1xx_hal_can.o
                                      0x81ecb (size before relaxing)
 .debug_str     0x000000000008762f      0x26c ./Drivers/STM32F1xx_HAL_Driver/Src/stm32f1xx_hal_cortex.o
                                      0x81d10 (size before relaxing)
 .debug_str     0x000000000008789b      0x1ec ./Drivers/STM32F1xx_HAL_Driver/Src/stm32f1xx_hal_dma.o
                                      0x81a74 (size before relaxing)
 .debug_str     0x0000000000087a87      0x31d ./Drivers/STM32F1xx_HAL_Driver/Src/stm32f1xx_hal_gpio.o
                                      0x81a51 (size before relaxing)
 .debug_str     0x0000000000087da4      0x214 ./Drivers/STM32F1xx_HAL_Driver/Src/stm32f1xx_hal_rcc.o
                                      0x81afa (size before relaxing)
 .debug_str     0x0000000000087fb8      0xd30 ./Drivers/STM32F1xx_HAL_Driver/Src/stm32f1xx_hal_tim.o
                                      0x82aec (size before relaxing)
 .debug_str     0x0000000000088ce8      0x493 ./Drivers/STM32F1xx_HAL_Driver/Src/stm32f1xx_hal_tim_ex.o
                                      0x82308 (size before relaxing)

.comment        0x0000000000000000       0x50
 .comment       0x0000000000000000       0x50 ./Core/Src/ARGB.o
                                         0x51 (size before relaxing)
 .comment       0x0000000000000050       0x51 ./Core/Src/can.o
 .comment       0x0000000000000050       0x51 ./Core/Src/dma.o
 .comment       0x0000000000000050       0x51 ./Core/Src/gpio.o
 .comment       0x0000000000000050       0x51 ./Core/Src/main.o
 .comment       0x0000000000000050       0x51 ./Core/Src/stm32f1xx_hal_msp.o
 .comment       0x0000000000000050       0x51 ./Core/Src/stm32f1xx_it.o
 .comment       0x0000000000000050       0x51 ./Core/Src/system_stm32f1xx.o
 .comment       0x0000000000000050       0x51 ./Core/Src/tim.o
 .comment       0x0000000000000050       0x51 ./Drivers/STM32F1xx_HAL_Driver/Src/stm32f1xx_hal.o
 .comment       0x0000000000000050       0x51 ./Drivers/STM32F1xx_HAL_Driver/Src/stm32f1xx_hal_can.o
 .comment       0x0000000000000050       0x51 ./Drivers/STM32F1xx_HAL_Driver/Src/stm32f1xx_hal_cortex.o
 .comment       0x0000000000000050       0x51 ./Drivers/STM32F1xx_HAL_Driver/Src/stm32f1xx_hal_dma.o
 .comment       0x0000000000000050       0x51 ./Drivers/STM32F1xx_HAL_Driver/Src/stm32f1xx_hal_gpio.o
 .comment       0x0000000000000050       0x51 ./Drivers/STM32F1xx_HAL_Driver/Src/stm32f1xx_hal_rcc.o
 .comment       0x0000000000000050       0x51 ./Drivers/STM32F1xx_HAL_Driver/Src/stm32f1xx_hal_tim.o
 .comment       0x0000000000000050       0x51 ./Drivers/STM32F1xx_HAL_Driver/Src/stm32f1xx_hal_tim_ex.o

.debug_frame    0x0000000000000000     0x321c
 .debug_frame   0x0000000000000000      0x244 ./Core/Src/ARGB.o
 .debug_frame   0x0000000000000244       0xd8 ./Core/Src/can.o
 .debug_frame   0x000000000000031c       0x34 ./Core/Src/dma.o
 .debug_frame   0x0000000000000350       0x38 ./Core/Src/gpio.o
 .debug_frame   0x0000000000000388       0x68 ./Core/Src/main.o
 .debug_frame   0x00000000000003f0       0x38 ./Core/Src/stm32f1xx_hal_msp.o
 .debug_frame   0x0000000000000428      0x158 ./Core/Src/stm32f1xx_it.o
 .debug_frame   0x0000000000000580       0x58 ./Core/Src/system_stm32f1xx.o
 .debug_frame   0x00000000000005d8       0xa0 ./Core/Src/tim.o
 .debug_frame   0x0000000000000678      0x334 ./Drivers/STM32F1xx_HAL_Driver/Src/stm32f1xx_hal.o
 .debug_frame   0x00000000000009ac      0x5a0 ./Drivers/STM32F1xx_HAL_Driver/Src/stm32f1xx_hal_can.o
 .debug_frame   0x0000000000000f4c      0x428 ./Drivers/STM32F1xx_HAL_Driver/Src/stm32f1xx_hal_cortex.o
 .debug_frame   0x0000000000001374      0x208 ./Drivers/STM32F1xx_HAL_Driver/Src/stm32f1xx_hal_dma.o
 .debug_frame   0x000000000000157c      0x14c ./Drivers/STM32F1xx_HAL_Driver/Src/stm32f1xx_hal_gpio.o
 .debug_frame   0x00000000000016c8      0x218 ./Drivers/STM32F1xx_HAL_Driver/Src/stm32f1xx_hal_rcc.o
 .debug_frame   0x00000000000018e0     0x11b8 ./Drivers/STM32F1xx_HAL_Driver/Src/stm32f1xx_hal_tim.o
 .debug_frame   0x0000000000002a98      0x638 ./Drivers/STM32F1xx_HAL_Driver/Src/stm32f1xx_hal_tim_ex.o
 .debug_frame   0x00000000000030d0       0x2c c:/st/stm32cubeide_1.12.1/stm32cubeide/plugins/com.st.stm32cube.ide.mcu.externaltools.gnu-tools-for-stm32.10.3-2021.10.win32_1.0.200.202301161003/tools/bin/../lib/gcc/arm-none-eabi/10.3.1/../../../../arm-none-eabi/lib/thumb/v7-m/nofp\libc_nano.a(lib_a-init.o)
 .debug_frame   0x00000000000030fc       0x20 c:/st/stm32cubeide_1.12.1/stm32cubeide/plugins/com.st.stm32cube.ide.mcu.externaltools.gnu-tools-for-stm32.10.3-2021.10.win32_1.0.200.202301161003/tools/bin/../lib/gcc/arm-none-eabi/10.3.1/../../../../arm-none-eabi/lib/thumb/v7-m/nofp\libc_nano.a(lib_a-memset.o)
 .debug_frame   0x000000000000311c       0x30 c:/st/stm32cubeide_1.12.1/stm32cubeide/plugins/com.st.stm32cube.ide.mcu.externaltools.gnu-tools-for-stm32.10.3-2021.10.win32_1.0.200.202301161003/tools/bin/../lib/gcc/arm-none-eabi/10.3.1/thumb/v7-m/nofp\libgcc.a(_arm_muldf3.o)
 .debug_frame   0x000000000000314c       0xac c:/st/stm32cubeide_1.12.1/stm32cubeide/plugins/com.st.stm32cube.ide.mcu.externaltools.gnu-tools-for-stm32.10.3-2021.10.win32_1.0.200.202301161003/tools/bin/../lib/gcc/arm-none-eabi/10.3.1/thumb/v7-m/nofp\libgcc.a(_arm_addsubdf3.o)
 .debug_frame   0x00000000000031f8       0x24 c:/st/stm32cubeide_1.12.1/stm32cubeide/plugins/com.st.stm32cube.ide.mcu.externaltools.gnu-tools-for-stm32.10.3-2021.10.win32_1.0.200.202301161003/tools/bin/../lib/gcc/arm-none-eabi/10.3.1/thumb/v7-m/nofp\libgcc.a(_arm_fixunsdfsi.o)
